// Jest Snapshot v1, https://goo.gl/fbAQLP

exports[`GenerateProductCategory tests complex tests should generate the given product Categories with correct productNums or clear all in case the input is empty: A Generated ProductCategory 1`] = `
Object {
  "createdAt": Any<String>,
  "id": "test_GEN_PRODUCT_CAT_UNIT_ID__test_GEN_PRODUCT_CAT_01",
  "position": 2,
  "productCategory": Object {
    "chainId": "seeded_chain_1_id",
    "createdAt": Any<String>,
    "description": Object {
      "de": null,
      "en": "DESCRIPTION",
      "hu": null,
    },
    "id": "test_GEN_PRODUCT_CAT_01",
    "image": "IMAGE",
    "name": Object {
      "de": null,
      "en": "PRODUCT_CATEGORY",
      "hu": null,
    },
    "parentId": null,
    "position": 0,
    "updatedAt": Any<String>,
  },
  "productCategoryId": "test_GEN_PRODUCT_CAT_01",
  "productNum": 1,
  "unitId": "test_GEN_PRODUCT_CAT_UNIT_ID",
  "updatedAt": Any<String>,
}
`;
