// Jest Snapshot v1, https://goo.gl/fbAQLP

exports[`GetUnitsNearLocation tests input validation should throw without a input 1`] = `"GetUnitsNearLocationQueryVariables Object Validation Error: \\"input\\" is required"`;

exports[`GetUnitsNearLocation tests input validation should throw without a lat arg in the location input 1`] = `"GetUnitsNearLocationQueryVariables Object Validation Error: \\"input.location.lng\\" is required"`;

exports[`GetUnitsNearLocation tests input validation should throw without a lng arg in the location input 1`] = `"GetUnitsNearLocationQueryVariables Object Validation Error: \\"input.location.lat\\" is required"`;

exports[`GetUnitsNearLocation tests input validation should throw without a location input 1`] = `"GetUnitsNearLocationQueryVariables Object Validation Error: \\"input.location\\" is required"`;

exports[`GetUnitsNearLocation tests input validation should throw without valid location input 1`] = `[Error: Network error: Response not successful: Received status code 401]`;

exports[`GetUnitsNearLocation tests should return all the units in geoUnitsFormat ordered by distance with direct handler call 1`] = `
Object {
  "address": Object {
    "address": "Ág u. 1.",
    "city": "Budapest",
    "country": "Magyarország",
    "location": Object {
      "lat": 47.48992,
      "lng": 19.046135,
    },
    "postalCode": "1021",
    "title": "HQ",
  },
  "chainId": "test_chain_1_id",
  "currency": "EUR",
  "distance": 0,
  "groupId": "test_group_1_id",
  "id": "test_unit_03",
  "name": "Test unit #test_unit_1_id",
  "openingHours": "09:00 - 22:00",
  "paymentModes": Array [
    Object {
      "caption": null,
      "method": "CASH",
      "name": "Cash",
    },
    Object {
      "caption": null,
      "method": "CARD",
      "name": "Card",
    },
    Object {
      "caption": null,
      "method": "INAPP",
      "name": "Stripe",
    },
  ],
  "style": Object {
    "colors": Object {
      "backgroundDark": "#D6DDE0",
      "backgroundLight": "#FFFFFF",
      "borderDark": "#E7E5D0",
      "borderLight": "#C3CACD",
      "disabled": "#303030",
      "highlight": "#A8692A",
      "indicator": "#30BF60",
      "textDark": "#303030",
      "textLight": "#FFFFFF",
    },
    "images": null,
  },
}
`;

exports[`GetUnitsNearLocation tests should return all the units in geoUnitsFormat ordered by distance with remote anyupp-backend api call 1`] = `
Object {
  "address": Object {
    "address": "Ág u. 1.",
    "city": "Budapest",
    "country": "Magyarország",
    "location": Object {
      "lat": 47.48992,
      "lng": 19.046135,
    },
    "postalCode": "1021",
    "title": "HQ",
  },
  "chainId": "test_chain_1_id",
  "currency": "EUR",
  "distance": 0,
  "groupId": "test_group_1_id",
  "id": "test_unit_03",
  "name": "Test unit #test_unit_1_id",
  "openingHours": "09:00 - 22:00",
  "paymentModes": Array [
    Object {
      "caption": null,
      "method": "CASH",
      "name": "Cash",
    },
    Object {
      "caption": null,
      "method": "CARD",
      "name": "Card",
    },
    Object {
      "caption": null,
      "method": "INAPP",
      "name": "Stripe",
    },
  ],
  "style": Object {
    "colors": Object {
      "backgroundDark": "#D6DDE0",
      "backgroundLight": "#FFFFFF",
      "borderDark": "#E7E5D0",
      "borderLight": "#C3CACD",
      "disabled": "#303030",
      "highlight": "#A8692A",
      "indicator": "#30BF60",
      "textDark": "#303030",
      "textLight": "#FFFFFF",
    },
    "images": null,
  },
}
`;
