// Jest Snapshot v1, https://goo.gl/fbAQLP

exports[`RegenerateUnitData mutation tests should regenerate all the generated products for the unit 1`] = `
Array [
  Object {
    "__typename": "GeneratedProduct",
    "allergens": Array [
      "egg",
      "gluten",
    ],
    "configSets": null,
    "description": Object {
      "__typename": "LocalizedItem",
      "de": null,
      "en": "DESCRIPTION",
      "hu": null,
    },
    "id": "test_REGEN_unit01_have_not_been_here_before",
    "image": "IMAGE",
    "name": Object {
      "__typename": "LocalizedItem",
      "de": null,
      "en": "CHAIN_PRODUCT",
      "hu": null,
    },
    "position": 1,
    "productCategoryId": "productCategoryId_",
    "productType": "PRODUCT_TYPE",
    "tax": 1,
    "unitId": "seeded_unit_c1_g1_1_id",
    "variants": Array [
      Object {
        "__typename": "GeneratedProductVariant",
        "id": "test_groupProductVariant_id_1",
        "pack": Object {
          "__typename": "ProductVariantPack",
          "size": 1,
          "unit": "UNIT",
        },
        "position": 1,
        "price": 1.5,
        "variantName": Object {
          "__typename": "LocalizedItem",
          "de": null,
          "en": "VARIANT_NAME_1",
          "hu": null,
        },
      },
      Object {
        "__typename": "GeneratedProductVariant",
        "id": "test_groupProductVariant_id_2",
        "pack": Object {
          "__typename": "ProductVariantPack",
          "size": 2,
          "unit": "UNIT",
        },
        "position": 2,
        "price": 3,
        "variantName": Object {
          "__typename": "LocalizedItem",
          "de": null,
          "en": "VARIANT_NAME_2",
          "hu": null,
        },
      },
      Object {
        "__typename": "GeneratedProductVariant",
        "id": "test_chainProductVariant_id_1",
        "pack": Object {
          "__typename": "ProductVariantPack",
          "size": 1,
          "unit": "UNIT",
        },
        "position": 1,
        "price": 1.5,
        "variantName": Object {
          "__typename": "LocalizedItem",
          "de": null,
          "en": "VARIANT_NAME_1",
          "hu": null,
        },
      },
      Object {
        "__typename": "GeneratedProductVariant",
        "id": "test_chainProductVariant_id_2",
        "pack": Object {
          "__typename": "ProductVariantPack",
          "size": 2,
          "unit": "UNIT",
        },
        "position": 2,
        "price": 3,
        "variantName": Object {
          "__typename": "LocalizedItem",
          "de": null,
          "en": "VARIANT_NAME_2",
          "hu": null,
        },
      },
    ],
  },
  Object {
    "__typename": "GeneratedProduct",
    "allergens": Array [
      "egg",
      "gluten",
    ],
    "configSets": Array [
      Object {
        "__typename": "GeneratedProductConfigSet",
        "description": "PRODUCT_COMPONENT DESCRIPTION test_REGEN_prodCompSet_01",
        "items": Array [
          Object {
            "__typename": "GeneratedProductConfigComponent",
            "allergens": Array [
              "egg",
              "gluten",
              "milk",
              "soya",
              "peanut",
            ],
            "description": "PRODUCT_COMPONENT DESCRIPTION seeded_product_component_01_id",
            "name": Object {
              "__typename": "LocalizedItem",
              "de": "PRODUCT_COMPONENT_seeded_product_component_01_id",
              "en": "PRODUCT_COMPONENT_seeded_product_component_01_id",
              "hu": "TERMEK_KOMPONENS_seeded_product_component_01_id",
            },
            "position": 1,
            "price": 0,
            "productComponentId": "test_REGEN_prodComp_01",
          },
          Object {
            "__typename": "GeneratedProductConfigComponent",
            "allergens": Array [
              "sesame",
              "treenuts",
            ],
            "description": "PRODUCT_COMPONENT DESCRIPTION seeded_product_component_02_id",
            "name": Object {
              "__typename": "LocalizedItem",
              "de": "PRODUCT_COMPONENT_seeded_product_component_02_id",
              "en": "PRODUCT_COMPONENT_seeded_product_component_02_id",
              "hu": "TERMEK_KOMPONENS_seeded_product_component_02_id",
            },
            "position": 2,
            "price": 0,
            "productComponentId": "test_REGEN_prodComp_02",
          },
        ],
        "maxSelection": 2,
        "name": Object {
          "__typename": "LocalizedItem",
          "de": "PRODUCT_COMPONENT_SET_test_REGEN_prodCompSet_01",
          "en": "PRODUCT_COMPONENT_SET_test_REGEN_prodCompSet_01",
          "hu": "KOMPONENS_SET_test_REGEN_prodCompSet_01",
        },
        "position": 1,
        "type": "extras",
      },
      Object {
        "__typename": "GeneratedProductConfigSet",
        "description": "PRODUCT_COMPONENT DESCRIPTION test_REGEN_prodCompSet_02",
        "items": Array [
          Object {
            "__typename": "GeneratedProductConfigComponent",
            "allergens": Array [
              "egg",
              "gluten",
              "milk",
              "soya",
              "peanut",
            ],
            "description": "PRODUCT_COMPONENT DESCRIPTION seeded_product_component_01_id",
            "name": Object {
              "__typename": "LocalizedItem",
              "de": "PRODUCT_COMPONENT_seeded_product_component_01_id",
              "en": "PRODUCT_COMPONENT_seeded_product_component_01_id",
              "hu": "TERMEK_KOMPONENS_seeded_product_component_01_id",
            },
            "position": 1,
            "price": 0,
            "productComponentId": "test_REGEN_prodComp_01",
          },
          Object {
            "__typename": "GeneratedProductConfigComponent",
            "allergens": Array [
              "sesame",
              "treenuts",
            ],
            "description": "PRODUCT_COMPONENT DESCRIPTION seeded_product_component_02_id",
            "name": Object {
              "__typename": "LocalizedItem",
              "de": "PRODUCT_COMPONENT_seeded_product_component_02_id",
              "en": "PRODUCT_COMPONENT_seeded_product_component_02_id",
              "hu": "TERMEK_KOMPONENS_seeded_product_component_02_id",
            },
            "position": 2,
            "price": 0,
            "productComponentId": "test_REGEN_prodComp_02",
          },
          Object {
            "__typename": "GeneratedProductConfigComponent",
            "allergens": Array [
              "mustard",
            ],
            "description": "PRODUCT_COMPONENT DESCRIPTION seeded_product_component_03_id",
            "name": Object {
              "__typename": "LocalizedItem",
              "de": "PRODUCT_COMPONENT_seeded_product_component_03_id",
              "en": "PRODUCT_COMPONENT_seeded_product_component_03_id",
              "hu": "TERMEK_KOMPONENS_seeded_product_component_03_id",
            },
            "position": 3,
            "price": 0,
            "productComponentId": "test_REGEN_prodComp_03",
          },
        ],
        "maxSelection": 3,
        "name": Object {
          "__typename": "LocalizedItem",
          "de": "PRODUCT_COMPONENT_SET_test_REGEN_prodCompSet_02",
          "en": "PRODUCT_COMPONENT_SET_test_REGEN_prodCompSet_02",
          "hu": "KOMPONENS_SET_test_REGEN_prodCompSet_02",
        },
        "position": 2,
        "type": "modifier",
      },
    ],
    "description": Object {
      "__typename": "LocalizedItem",
      "de": null,
      "en": "DESCRIPTION",
      "hu": null,
    },
    "id": "test_REGEN_unitProduct_useeded_unit_c1_g1_1_id_01",
    "image": "IMAGE",
    "name": Object {
      "__typename": "LocalizedItem",
      "de": null,
      "en": "CHAIN_PRODUCT",
      "hu": null,
    },
    "position": 1,
    "productCategoryId": "productCategoryId_",
    "productType": "PRODUCT_TYPE",
    "tax": 1,
    "unitId": "seeded_unit_c1_g1_1_id",
    "variants": Array [
      Object {
        "__typename": "GeneratedProductVariant",
        "id": "test_groupProductVariant_id_1",
        "pack": Object {
          "__typename": "ProductVariantPack",
          "size": 1,
          "unit": "UNIT",
        },
        "position": 1,
        "price": 1.5,
        "variantName": Object {
          "__typename": "LocalizedItem",
          "de": null,
          "en": "VARIANT_NAME_1",
          "hu": null,
        },
      },
      Object {
        "__typename": "GeneratedProductVariant",
        "id": "test_groupProductVariant_id_2",
        "pack": Object {
          "__typename": "ProductVariantPack",
          "size": 2,
          "unit": "UNIT",
        },
        "position": 2,
        "price": 3,
        "variantName": Object {
          "__typename": "LocalizedItem",
          "de": null,
          "en": "VARIANT_NAME_2",
          "hu": null,
        },
      },
      Object {
        "__typename": "GeneratedProductVariant",
        "id": "test_chainProductVariant_id_1",
        "pack": Object {
          "__typename": "ProductVariantPack",
          "size": 1,
          "unit": "UNIT",
        },
        "position": 1,
        "price": 1.5,
        "variantName": Object {
          "__typename": "LocalizedItem",
          "de": null,
          "en": "VARIANT_NAME_1",
          "hu": null,
        },
      },
      Object {
        "__typename": "GeneratedProductVariant",
        "id": "test_chainProductVariant_id_2",
        "pack": Object {
          "__typename": "ProductVariantPack",
          "size": 2,
          "unit": "UNIT",
        },
        "position": 2,
        "price": 3,
        "variantName": Object {
          "__typename": "LocalizedItem",
          "de": null,
          "en": "VARIANT_NAME_2",
          "hu": null,
        },
      },
    ],
  },
  Object {
    "__typename": "GeneratedProduct",
    "allergens": Array [
      "egg",
      "gluten",
    ],
    "configSets": null,
    "description": Object {
      "__typename": "LocalizedItem",
      "de": null,
      "en": "DESCRIPTION",
      "hu": null,
    },
    "id": "test_REGEN_unitProduct_useeded_unit_c1_g1_1_id_02",
    "image": "IMAGE",
    "name": Object {
      "__typename": "LocalizedItem",
      "de": null,
      "en": "CHAIN_PRODUCT",
      "hu": null,
    },
    "position": 1,
    "productCategoryId": "productCategoryId_",
    "productType": "PRODUCT_TYPE",
    "tax": 1,
    "unitId": "seeded_unit_c1_g1_1_id",
    "variants": Array [
      Object {
        "__typename": "GeneratedProductVariant",
        "id": "test_groupProductVariant_id_1",
        "pack": Object {
          "__typename": "ProductVariantPack",
          "size": 1,
          "unit": "UNIT",
        },
        "position": 1,
        "price": 1.5,
        "variantName": Object {
          "__typename": "LocalizedItem",
          "de": null,
          "en": "VARIANT_NAME_1",
          "hu": null,
        },
      },
      Object {
        "__typename": "GeneratedProductVariant",
        "id": "test_groupProductVariant_id_2",
        "pack": Object {
          "__typename": "ProductVariantPack",
          "size": 2,
          "unit": "UNIT",
        },
        "position": 2,
        "price": 3,
        "variantName": Object {
          "__typename": "LocalizedItem",
          "de": null,
          "en": "VARIANT_NAME_2",
          "hu": null,
        },
      },
      Object {
        "__typename": "GeneratedProductVariant",
        "id": "test_chainProductVariant_id_1",
        "pack": Object {
          "__typename": "ProductVariantPack",
          "size": 1,
          "unit": "UNIT",
        },
        "position": 1,
        "price": 1.5,
        "variantName": Object {
          "__typename": "LocalizedItem",
          "de": null,
          "en": "VARIANT_NAME_1",
          "hu": null,
        },
      },
      Object {
        "__typename": "GeneratedProductVariant",
        "id": "test_chainProductVariant_id_2",
        "pack": Object {
          "__typename": "ProductVariantPack",
          "size": 2,
          "unit": "UNIT",
        },
        "position": 2,
        "price": 3,
        "variantName": Object {
          "__typename": "LocalizedItem",
          "de": null,
          "en": "VARIANT_NAME_2",
          "hu": null,
        },
      },
    ],
  },
  Object {
    "__typename": "GeneratedProduct",
    "allergens": Array [
      "egg",
      "gluten",
      "milk",
      "soya",
      "peanut",
    ],
    "configSets": null,
    "description": Object {
      "__typename": "LocalizedItem",
      "de": null,
      "en": "DESCRIPTION",
      "hu": "LEIRAS",
    },
    "id": "test_REGEN_unitProduct_utest_REGEN_UNIT_ID_02_01",
    "image": "https://picsum.photos/100",
    "name": Object {
      "__typename": "LocalizedItem",
      "de": null,
      "en": "GENERATED_PRODUCT",
      "hu": "GENERALT_TERMEK",
    },
    "position": 1,
    "productCategoryId": "productCategoryId_",
    "productType": "PRODUCT_TYPE",
    "tax": 1,
    "unitId": "test_REGEN_UNIT_ID_02",
    "variants": Array [
      Object {
        "__typename": "GeneratedProductVariant",
        "id": "test_generatedProductVariant_id_pundefined_1",
        "pack": Object {
          "__typename": "ProductVariantPack",
          "size": 1,
          "unit": "UNIT",
        },
        "position": 1,
        "price": 1,
        "variantName": Object {
          "__typename": "LocalizedItem",
          "de": null,
          "en": "VARIANT_NAME_1",
          "hu": "VARIANT_NAME_1",
        },
      },
      Object {
        "__typename": "GeneratedProductVariant",
        "id": "test_generatedProductVariant_id_pundefined_2",
        "pack": Object {
          "__typename": "ProductVariantPack",
          "size": 2,
          "unit": "UNIT",
        },
        "position": 2,
        "price": 2,
        "variantName": Object {
          "__typename": "LocalizedItem",
          "de": null,
          "en": "VARIANT_NAME_2",
          "hu": "VARIANT_NAME_2",
        },
      },
    ],
  },
]
`;
