// Jest Snapshot v1, https://goo.gl/fbAQLP

exports[`RegenerateUnitData mutation tests should regenerate all the generated products for the unit 1`] = `
Array [
  Object {
    "__typename": "GeneratedProduct",
    "description": Object {
      "__typename": "LocalizedItem",
      "de": "",
      "en": "Test chain termék #1 description",
      "hu": "Teszt chain termék #1 leírás",
    },
    "id": "seeded_unit_product_c1_g1_1_id",
    "image": "https://picsum.photos/100",
    "name": Object {
      "__typename": "LocalizedItem",
      "de": "",
      "en": "Test chain product #1 name",
      "hu": "Teszt chain termék #1 név",
    },
    "position": 1,
    "productCategoryId": "seeded_product_category_c1_1_id",
    "productType": "drink",
    "tax": 27,
    "unitId": "seeded_unit_c1_g1_1_id",
    "variants": Array [
      Object {
        "__typename": "GeneratedProductVariant",
        "id": "seeded_chain_product_variant_c1_p1_1_id",
        "pack": Object {
          "__typename": "ProductVariantPack",
          "size": 2,
          "unit": "dl",
        },
        "position": 1,
        "price": 60,
        "variantName": Object {
          "__typename": "LocalizedItem",
          "de": null,
          "en": "glass",
          "hu": "pohár",
        },
      },
    ],
  },
  Object {
    "__typename": "GeneratedProduct",
    "description": Object {
      "__typename": "LocalizedItem",
      "de": null,
      "en": "Test chain termék #2 description",
      "hu": "Teszt chain termék #2 leírás",
    },
    "id": "seeded_unit_product_c1_g1_2_id",
    "image": "https://picsum.photos/100",
    "name": Object {
      "__typename": "LocalizedItem",
      "de": null,
      "en": "Test chain product #2 name",
      "hu": "Teszt chain termék #2 név",
    },
    "position": 2,
    "productCategoryId": "seeded_product_category_c1_1_id",
    "productType": "food",
    "tax": 27,
    "unitId": "seeded_unit_c1_g1_1_id",
    "variants": Array [
      Object {
        "__typename": "GeneratedProductVariant",
        "id": "seeded_chain_product_variant_c1_p2_1_id",
        "pack": Object {
          "__typename": "ProductVariantPack",
          "size": 2,
          "unit": "dl",
        },
        "position": 1,
        "price": 120,
        "variantName": Object {
          "__typename": "LocalizedItem",
          "de": null,
          "en": "glass",
          "hu": "pohár",
        },
      },
    ],
  },
  Object {
    "__typename": "GeneratedProduct",
    "description": Object {
      "__typename": "LocalizedItem",
      "de": null,
      "en": "DESCRIPTION",
      "hu": null,
    },
    "id": "test_unit01_have_not_been_here_before",
    "image": "IMAGE",
    "name": Object {
      "__typename": "LocalizedItem",
      "de": null,
      "en": "CHAIN_PRODUCT",
      "hu": null,
    },
    "position": 1,
    "productCategoryId": "productCategoryId_",
    "productType": "PRODUCT_TYPE",
    "tax": 1,
    "unitId": "seeded_unit_c1_g1_1_id",
    "variants": Array [
      Object {
        "__typename": "GeneratedProductVariant",
        "id": "test_groupProductVariant_id_1",
        "pack": Object {
          "__typename": "ProductVariantPack",
          "size": 1,
          "unit": "UNIT",
        },
        "position": 1,
        "price": 1.5,
        "variantName": Object {
          "__typename": "LocalizedItem",
          "de": null,
          "en": "VARIANT_NAME_1",
          "hu": null,
        },
      },
      Object {
        "__typename": "GeneratedProductVariant",
        "id": "test_groupProductVariant_id_2",
        "pack": Object {
          "__typename": "ProductVariantPack",
          "size": 2,
          "unit": "UNIT",
        },
        "position": 2,
        "price": 3,
        "variantName": Object {
          "__typename": "LocalizedItem",
          "de": null,
          "en": "VARIANT_NAME_2",
          "hu": null,
        },
      },
      Object {
        "__typename": "GeneratedProductVariant",
        "id": "test_chainProductVariant_id_1",
        "pack": Object {
          "__typename": "ProductVariantPack",
          "size": 1,
          "unit": "UNIT",
        },
        "position": 1,
        "price": 1.5,
        "variantName": Object {
          "__typename": "LocalizedItem",
          "de": null,
          "en": "VARIANT_NAME_1",
          "hu": null,
        },
      },
      Object {
        "__typename": "GeneratedProductVariant",
        "id": "test_chainProductVariant_id_2",
        "pack": Object {
          "__typename": "ProductVariantPack",
          "size": 2,
          "unit": "UNIT",
        },
        "position": 2,
        "price": 3,
        "variantName": Object {
          "__typename": "LocalizedItem",
          "de": null,
          "en": "VARIANT_NAME_2",
          "hu": null,
        },
      },
    ],
  },
  Object {
    "__typename": "GeneratedProduct",
    "description": Object {
      "__typename": "LocalizedItem",
      "de": null,
      "en": "DESCRIPTION",
      "hu": null,
    },
    "id": "test_unitProduct_useeded_unit_c1_g1_1_id_01",
    "image": "IMAGE",
    "name": Object {
      "__typename": "LocalizedItem",
      "de": null,
      "en": "CHAIN_PRODUCT",
      "hu": null,
    },
    "position": 1,
    "productCategoryId": "productCategoryId_",
    "productType": "PRODUCT_TYPE",
    "tax": 1,
    "unitId": "seeded_unit_c1_g1_1_id",
    "variants": Array [
      Object {
        "__typename": "GeneratedProductVariant",
        "id": "test_groupProductVariant_id_1",
        "pack": Object {
          "__typename": "ProductVariantPack",
          "size": 1,
          "unit": "UNIT",
        },
        "position": 1,
        "price": 1.5,
        "variantName": Object {
          "__typename": "LocalizedItem",
          "de": null,
          "en": "VARIANT_NAME_1",
          "hu": null,
        },
      },
      Object {
        "__typename": "GeneratedProductVariant",
        "id": "test_groupProductVariant_id_2",
        "pack": Object {
          "__typename": "ProductVariantPack",
          "size": 2,
          "unit": "UNIT",
        },
        "position": 2,
        "price": 3,
        "variantName": Object {
          "__typename": "LocalizedItem",
          "de": null,
          "en": "VARIANT_NAME_2",
          "hu": null,
        },
      },
      Object {
        "__typename": "GeneratedProductVariant",
        "id": "test_chainProductVariant_id_1",
        "pack": Object {
          "__typename": "ProductVariantPack",
          "size": 1,
          "unit": "UNIT",
        },
        "position": 1,
        "price": 1.5,
        "variantName": Object {
          "__typename": "LocalizedItem",
          "de": null,
          "en": "VARIANT_NAME_1",
          "hu": null,
        },
      },
      Object {
        "__typename": "GeneratedProductVariant",
        "id": "test_chainProductVariant_id_2",
        "pack": Object {
          "__typename": "ProductVariantPack",
          "size": 2,
          "unit": "UNIT",
        },
        "position": 2,
        "price": 3,
        "variantName": Object {
          "__typename": "LocalizedItem",
          "de": null,
          "en": "VARIANT_NAME_2",
          "hu": null,
        },
      },
    ],
  },
  Object {
    "__typename": "GeneratedProduct",
    "description": Object {
      "__typename": "LocalizedItem",
      "de": null,
      "en": "DESCRIPTION",
      "hu": null,
    },
    "id": "test_unitProduct_useeded_unit_c1_g1_1_id_02",
    "image": "IMAGE",
    "name": Object {
      "__typename": "LocalizedItem",
      "de": null,
      "en": "CHAIN_PRODUCT",
      "hu": null,
    },
    "position": 1,
    "productCategoryId": "productCategoryId_",
    "productType": "PRODUCT_TYPE",
    "tax": 1,
    "unitId": "seeded_unit_c1_g1_1_id",
    "variants": Array [
      Object {
        "__typename": "GeneratedProductVariant",
        "id": "test_groupProductVariant_id_1",
        "pack": Object {
          "__typename": "ProductVariantPack",
          "size": 1,
          "unit": "UNIT",
        },
        "position": 1,
        "price": 1.5,
        "variantName": Object {
          "__typename": "LocalizedItem",
          "de": null,
          "en": "VARIANT_NAME_1",
          "hu": null,
        },
      },
      Object {
        "__typename": "GeneratedProductVariant",
        "id": "test_groupProductVariant_id_2",
        "pack": Object {
          "__typename": "ProductVariantPack",
          "size": 2,
          "unit": "UNIT",
        },
        "position": 2,
        "price": 3,
        "variantName": Object {
          "__typename": "LocalizedItem",
          "de": null,
          "en": "VARIANT_NAME_2",
          "hu": null,
        },
      },
      Object {
        "__typename": "GeneratedProductVariant",
        "id": "test_chainProductVariant_id_1",
        "pack": Object {
          "__typename": "ProductVariantPack",
          "size": 1,
          "unit": "UNIT",
        },
        "position": 1,
        "price": 1.5,
        "variantName": Object {
          "__typename": "LocalizedItem",
          "de": null,
          "en": "VARIANT_NAME_1",
          "hu": null,
        },
      },
      Object {
        "__typename": "GeneratedProductVariant",
        "id": "test_chainProductVariant_id_2",
        "pack": Object {
          "__typename": "ProductVariantPack",
          "size": 2,
          "unit": "UNIT",
        },
        "position": 2,
        "price": 3,
        "variantName": Object {
          "__typename": "LocalizedItem",
          "de": null,
          "en": "VARIANT_NAME_2",
          "hu": null,
        },
      },
    ],
  },
  Object {
    "__typename": "GeneratedProduct",
    "description": Object {
      "__typename": "LocalizedItem",
      "de": null,
      "en": "DESCRIPTION",
      "hu": "LEIRAS",
    },
    "id": "test_unitProduct_utest_UNIT_ID_02_REGENERATE_01",
    "image": "https://picsum.photos/100",
    "name": Object {
      "__typename": "LocalizedItem",
      "de": null,
      "en": "GENERATED_PRODUCT",
      "hu": "GENERALT_TERMEK",
    },
    "position": 1,
    "productCategoryId": "productCategoryId_",
    "productType": "PRODUCT_TYPE",
    "tax": 1,
    "unitId": "test_UNIT_ID_02_REGENERATE",
    "variants": Array [
      Object {
        "__typename": "GeneratedProductVariant",
        "id": "test_generatedProductVariant_id_undefined",
        "pack": Object {
          "__typename": "ProductVariantPack",
          "size": 1,
          "unit": "UNIT",
        },
        "position": 1,
        "price": 1,
        "variantName": Object {
          "__typename": "LocalizedItem",
          "de": null,
          "en": "VARIANT_NAME_1",
          "hu": "VARIANT_NAME_1",
        },
      },
      Object {
        "__typename": "GeneratedProductVariant",
        "id": "test_generatedProductVariant_id_undefined",
        "pack": Object {
          "__typename": "ProductVariantPack",
          "size": 2,
          "unit": "UNIT",
        },
        "position": 2,
        "price": 2,
        "variantName": Object {
          "__typename": "LocalizedItem",
          "de": null,
          "en": "VARIANT_NAME_2",
          "hu": "VARIANT_NAME_2",
        },
      },
    ],
  },
]
`;
