// Jest Snapshot v1, https://goo.gl/fbAQLP

exports[`RegenerateUnitData mutation tests should regenerate all the generated products for the unit 1`] = `
Array [
  Object {
    "__typename": "GeneratedProduct",
    "description": Object {
      "__typename": "LocalizedItem",
      "de": null,
      "en": "DESCRIPTION",
      "hu": null,
    },
    "id": "unit01_have_not_been_here_before",
    "image": "IMAGE",
    "name": Object {
      "__typename": "LocalizedItem",
      "de": null,
      "en": "CHAIN_PRODUCT",
      "hu": null,
    },
    "position": 1,
    "productCategoryId": "productCategoryId_",
    "productType": "PRODUCT_TYPE",
    "tax": 1,
    "unitId": "unit_c1_g1_1_id_seeded",
    "variants": Array [
      Object {
        "__typename": "GeneratedProductVariant",
        "id": "groupProductVariant_id_1",
        "pack": Object {
          "__typename": "ProductVariantPack",
          "size": 1,
          "unit": "UNIT",
        },
        "position": 1,
        "price": 1.5,
        "variantName": Object {
          "__typename": "LocalizedItem",
          "de": null,
          "en": "VARIANT_NAME_1",
          "hu": null,
        },
      },
      Object {
        "__typename": "GeneratedProductVariant",
        "id": "groupProductVariant_id_2",
        "pack": Object {
          "__typename": "ProductVariantPack",
          "size": 2,
          "unit": "UNIT",
        },
        "position": 2,
        "price": 3,
        "variantName": Object {
          "__typename": "LocalizedItem",
          "de": null,
          "en": "VARIANT_NAME_2",
          "hu": null,
        },
      },
      Object {
        "__typename": "GeneratedProductVariant",
        "id": "chainProductVariant_id_1",
        "pack": Object {
          "__typename": "ProductVariantPack",
          "size": 1,
          "unit": "UNIT",
        },
        "position": 1,
        "price": 1.5,
        "variantName": Object {
          "__typename": "LocalizedItem",
          "de": null,
          "en": "VARIANT_NAME_1",
          "hu": null,
        },
      },
      Object {
        "__typename": "GeneratedProductVariant",
        "id": "chainProductVariant_id_2",
        "pack": Object {
          "__typename": "ProductVariantPack",
          "size": 2,
          "unit": "UNIT",
        },
        "position": 2,
        "price": 3,
        "variantName": Object {
          "__typename": "LocalizedItem",
          "de": null,
          "en": "VARIANT_NAME_2",
          "hu": null,
        },
      },
    ],
  },
  Object {
    "__typename": "GeneratedProduct",
    "description": Object {
      "__typename": "LocalizedItem",
      "de": null,
      "en": "DESCRIPTION",
      "hu": "LEIRAS",
    },
    "id": "unitProduct_uUNIT_ID_02_REGENERATE_01",
    "image": "public/seed/Weizenbier.jpeg",
    "name": Object {
      "__typename": "LocalizedItem",
      "de": null,
      "en": "GENERATED_PRODUCT",
      "hu": "GENERALT_TERMEK",
    },
    "position": 1,
    "productCategoryId": "productCategoryId_",
    "productType": "PRODUCT_TYPE",
    "tax": 1,
    "unitId": "UNIT_ID_02_REGENERATE",
    "variants": Array [
      Object {
        "__typename": "GeneratedProductVariant",
        "id": "generatedProductVariant_id_undefined",
        "pack": Object {
          "__typename": "ProductVariantPack",
          "size": 1,
          "unit": "UNIT",
        },
        "position": 1,
        "price": 1,
        "variantName": Object {
          "__typename": "LocalizedItem",
          "de": null,
          "en": "VARIANT_NAME_1",
          "hu": "VARIANT_NAME_1",
        },
      },
      Object {
        "__typename": "GeneratedProductVariant",
        "id": "generatedProductVariant_id_undefined",
        "pack": Object {
          "__typename": "ProductVariantPack",
          "size": 2,
          "unit": "UNIT",
        },
        "position": 2,
        "price": 2,
        "variantName": Object {
          "__typename": "LocalizedItem",
          "de": null,
          "en": "VARIANT_NAME_2",
          "hu": "VARIANT_NAME_2",
        },
      },
    ],
  },
  Object {
    "__typename": "GeneratedProduct",
    "description": Object {
      "__typename": "LocalizedItem",
      "de": null,
      "en": "DESCRIPTION",
      "hu": null,
    },
    "id": "unitProduct_uunit_c1_g1_1_id_seeded_01",
    "image": "IMAGE",
    "name": Object {
      "__typename": "LocalizedItem",
      "de": null,
      "en": "CHAIN_PRODUCT",
      "hu": null,
    },
    "position": 1,
    "productCategoryId": "productCategoryId_",
    "productType": "PRODUCT_TYPE",
    "tax": 1,
    "unitId": "unit_c1_g1_1_id_seeded",
    "variants": Array [
      Object {
        "__typename": "GeneratedProductVariant",
        "id": "groupProductVariant_id_1",
        "pack": Object {
          "__typename": "ProductVariantPack",
          "size": 1,
          "unit": "UNIT",
        },
        "position": 1,
        "price": 1.5,
        "variantName": Object {
          "__typename": "LocalizedItem",
          "de": null,
          "en": "VARIANT_NAME_1",
          "hu": null,
        },
      },
      Object {
        "__typename": "GeneratedProductVariant",
        "id": "groupProductVariant_id_2",
        "pack": Object {
          "__typename": "ProductVariantPack",
          "size": 2,
          "unit": "UNIT",
        },
        "position": 2,
        "price": 3,
        "variantName": Object {
          "__typename": "LocalizedItem",
          "de": null,
          "en": "VARIANT_NAME_2",
          "hu": null,
        },
      },
      Object {
        "__typename": "GeneratedProductVariant",
        "id": "chainProductVariant_id_1",
        "pack": Object {
          "__typename": "ProductVariantPack",
          "size": 1,
          "unit": "UNIT",
        },
        "position": 1,
        "price": 1.5,
        "variantName": Object {
          "__typename": "LocalizedItem",
          "de": null,
          "en": "VARIANT_NAME_1",
          "hu": null,
        },
      },
      Object {
        "__typename": "GeneratedProductVariant",
        "id": "chainProductVariant_id_2",
        "pack": Object {
          "__typename": "ProductVariantPack",
          "size": 2,
          "unit": "UNIT",
        },
        "position": 2,
        "price": 3,
        "variantName": Object {
          "__typename": "LocalizedItem",
          "de": null,
          "en": "VARIANT_NAME_2",
          "hu": null,
        },
      },
    ],
  },
  Object {
    "__typename": "GeneratedProduct",
    "description": Object {
      "__typename": "LocalizedItem",
      "de": null,
      "en": "DESCRIPTION",
      "hu": null,
    },
    "id": "unitProduct_uunit_c1_g1_1_id_seeded_02",
    "image": "IMAGE",
    "name": Object {
      "__typename": "LocalizedItem",
      "de": null,
      "en": "CHAIN_PRODUCT",
      "hu": null,
    },
    "position": 1,
    "productCategoryId": "productCategoryId_",
    "productType": "PRODUCT_TYPE",
    "tax": 1,
    "unitId": "unit_c1_g1_1_id_seeded",
    "variants": Array [
      Object {
        "__typename": "GeneratedProductVariant",
        "id": "groupProductVariant_id_1",
        "pack": Object {
          "__typename": "ProductVariantPack",
          "size": 1,
          "unit": "UNIT",
        },
        "position": 1,
        "price": 1.5,
        "variantName": Object {
          "__typename": "LocalizedItem",
          "de": null,
          "en": "VARIANT_NAME_1",
          "hu": null,
        },
      },
      Object {
        "__typename": "GeneratedProductVariant",
        "id": "groupProductVariant_id_2",
        "pack": Object {
          "__typename": "ProductVariantPack",
          "size": 2,
          "unit": "UNIT",
        },
        "position": 2,
        "price": 3,
        "variantName": Object {
          "__typename": "LocalizedItem",
          "de": null,
          "en": "VARIANT_NAME_2",
          "hu": null,
        },
      },
      Object {
        "__typename": "GeneratedProductVariant",
        "id": "chainProductVariant_id_1",
        "pack": Object {
          "__typename": "ProductVariantPack",
          "size": 1,
          "unit": "UNIT",
        },
        "position": 1,
        "price": 1.5,
        "variantName": Object {
          "__typename": "LocalizedItem",
          "de": null,
          "en": "VARIANT_NAME_1",
          "hu": null,
        },
      },
      Object {
        "__typename": "GeneratedProductVariant",
        "id": "chainProductVariant_id_2",
        "pack": Object {
          "__typename": "ProductVariantPack",
          "size": 2,
          "unit": "UNIT",
        },
        "position": 2,
        "price": 3,
        "variantName": Object {
          "__typename": "LocalizedItem",
          "de": null,
          "en": "VARIANT_NAME_2",
          "hu": null,
        },
      },
    ],
  },
]
`;
