// Jest Snapshot v1, https://goo.gl/fbAQLP

exports[`CRUD sdk test An arbitrary subscription 1`] = `
Object {
  "createdAt": Any<String>,
  "email": "a3@anyupp.com",
  "id": "ADMIN_USERCRUD_SDK_ID",
  "name": "NAME2",
  "phone": "+6234567890",
  "profileImage": null,
  "settings": null,
  "updatedAt": Any<String>,
}
`;

exports[`CRUD sdk test An arbitrary subscription 2`] = `
Object {
  "createdAt": Any<String>,
  "email": "a3@anyupp.com",
  "id": "ADMIN_USERCRUD_SDK_ID",
  "name": "NAME2",
  "phone": "+6234567890",
  "profileImage": null,
  "settings": null,
  "updatedAt": Any<String>,
}
`;
