// Jest Snapshot v1, https://goo.gl/fbAQLP

exports[`Seeder test should createTestChain work 1`] = `
Object {
  "__typename": "Chain",
  "address": null,
  "description": Object {
    "__typename": "LocalizedItem",
    "de": null,
    "en": "Test chain #1 description",
    "hu": "Teszt lánc #1 leírás",
  },
  "email": "info@chain1.com",
  "id": "chain_1_id",
  "isActive": true,
  "name": "Test chain #1",
  "phone": "1234567890",
  "style": Object {
    "__typename": "ChainStyle",
    "colors": Object {
      "__typename": "ChainStyleColors",
      "backgroundDark": "#fff",
      "backgroundLight": "#fff",
      "borderDark": "#fff",
      "borderLight": "#fff",
      "disabled": "#fff",
      "highlight": "#fff",
      "indicator": "#fff",
      "textDark": "#fff",
      "textLight": "#fff",
    },
    "images": null,
  },
}
`;

exports[`Seeder test should createTestChainProduct work 1`] = `
Object {
  "__typename": "ChainProduct",
  "chainId": "chain_1_id",
  "description": Object {
    "__typename": "LocalizedItem",
    "de": null,
    "en": "Test chain termék #1 description",
    "hu": "Teszt chain termék #1 leírás",
  },
  "id": "chain_product_c1_1_id",
  "image": null,
  "isVisible": true,
  "name": Object {
    "__typename": "LocalizedItem",
    "de": null,
    "en": "Test chain product #1 name",
    "hu": "Teszt chain termék #1 név",
  },
  "productCategoryId": "product_category_c1_1_id",
  "productType": "drink",
  "variants": Array [
    Object {
      "__typename": "ProductVariant",
      "availabilities": null,
      "id": "chain_product_variant_c1_p1_1_id",
      "isAvailable": true,
      "pack": Object {
        "__typename": "ProductVariantPack",
        "size": 2,
        "unit": "dl",
      },
      "position": 10,
      "price": 11,
      "refGroupPrice": null,
      "variantName": Object {
        "__typename": "LocalizedItem",
        "de": null,
        "en": "glass",
        "hu": "pohár",
      },
    },
  ],
}
`;
