// Jest Snapshot v1, https://goo.gl/fbAQLP

exports[`QrGenerator getPDF should create QR PDF 1`] = `
Object {
  "AcroForm": Object {
    "Appearance": Object {
      "CheckBox": Object {
        "OffPushDown": [Function],
        "YesNormal": [Function],
        "YesPushDown": [Function],
        "createAppearanceStream": [Function],
      },
      "RadioButton": Object {
        "Circle": Object {
          "OffPushDown": [Function],
          "YesNormal": [Function],
          "YesPushDown": [Function],
          "createAppearanceStream": [Function],
          "getCA": [Function],
        },
        "Cross": Object {
          "OffPushDown": [Function],
          "YesNormal": [Function],
          "YesPushDown": [Function],
          "createAppearanceStream": [Function],
          "getCA": [Function],
        },
      },
      "createDefaultAppearanceStream": [Function],
      "internal": Object {
        "Bezier_C": 0.551915024494,
        "calculateCross": [Function],
        "getHeight": [Function],
        "getWidth": [Function],
      },
    },
    "Button": [Function],
    "CheckBox": [Function],
    "ChoiceField": [Function],
    "ComboBox": [Function],
    "EditBox": [Function],
    "ListBox": [Function],
    "PasswordField": [Function],
    "PushButton": [Function],
    "RadioButton": [Function],
    "TextField": [Function],
  },
  "AcroFormAppearance": Object {
    "CheckBox": Object {
      "OffPushDown": [Function],
      "YesNormal": [Function],
      "YesPushDown": [Function],
      "createAppearanceStream": [Function],
    },
    "RadioButton": Object {
      "Circle": Object {
        "OffPushDown": [Function],
        "YesNormal": [Function],
        "YesPushDown": [Function],
        "createAppearanceStream": [Function],
        "getCA": [Function],
      },
      "Cross": Object {
        "OffPushDown": [Function],
        "YesNormal": [Function],
        "YesPushDown": [Function],
        "createAppearanceStream": [Function],
        "getCA": [Function],
      },
    },
    "createDefaultAppearanceStream": [Function],
    "internal": Object {
      "Bezier_C": 0.551915024494,
      "calculateCross": [Function],
      "getHeight": [Function],
      "getWidth": [Function],
    },
  },
  "AcroFormButton": [Function],
  "AcroFormCheckBox": [Function],
  "AcroFormChoiceField": [Function],
  "AcroFormComboBox": [Function],
  "AcroFormEditBox": [Function],
  "AcroFormListBox": [Function],
  "AcroFormPasswordField": [Function],
  "AcroFormPushButton": [Function],
  "AcroFormRadioButton": [Function],
  "AcroFormTextField": [Function],
  "CapJoinStyles": Object {
    "0": 0,
    "1": 1,
    "2": 2,
    "bevel": 2,
    "but": 0,
    "butt": 0,
    "circle": 1,
    "miter": 0,
    "project": 2,
    "projecting": 2,
    "round": 1,
    "rounded": 1,
    "square": 2,
  },
  "GState": [Function],
  "Matrix": [Function],
  "PDFObject": [Function],
  "ShadingPattern": [Function],
  "TTFFont": [Function],
  "TilingPattern": [Function],
  "__acroform__": Object {
    "arrayToPdfArray": [Function],
    "calculateCoordinates": [Function],
    "clearBit": [Function],
    "clearBitForPdf": [Function],
    "getBit": [Function],
    "getBitForPdf": [Function],
    "setBit": [Function],
    "setBitForPdf": [Function],
  },
  "__addimage__": Object {
    "arrayBufferToBinaryString": [Function],
    "binaryStringToUint8Array": [Function],
    "convertBase64ToBinaryString": [Function],
    "extractImageFromDataUrl": [Function],
    "getImageFileTypeByImageData": [Function],
    "isArrayBuffer": [Function],
    "isArrayBufferView": [Function],
    "sHashCode": [Function],
    "supportsArrayBuffer": [Function],
    "validateStringAsBase64": [Function],
  },
  "__arabicParser__": Object {
    "arabicLetterHasFinalForm": [Function],
    "arabicLetterHasInitialForm": [Function],
    "arabicLetterHasIsolatedForm": [Function],
    "arabicLetterHasMedialForm": [Function],
    "getCorrectForm": [Function],
    "isArabicAlfLetter": [Function],
    "isArabicDiacritic": [Function],
    "isArabicEndLetter": [Function],
    "isArabicLetter": [Function],
    "isInArabicSubstitutionA": [Function],
    "processArabic": [Function],
    "resolveLigatures": [Function],
  },
  "__fontmetrics__": Object {
    "compress": [Function],
    "uncompress": [Function],
  },
  "__private__": Object {
    "PubSub": [Function],
    "beginPage": [Function],
    "buildDocument": [Function],
    "circle": [Function],
    "clip": [Function],
    "combineFontStyleAndFontWeight": [Function],
    "convertDateToPDFDate": [Function],
    "convertPDFDateToDate": [Function],
    "decodeColorString": [Function],
    "discardPath": [Function],
    "ellipse": [Function],
    "encodeColorString": [Function],
    "f2": [Function],
    "f3": [Function],
    "getArrayBuffer": [Function],
    "getBlob": [Function],
    "getCharSpace": [Function],
    "getCreationDate": [Function],
    "getCurrentPageInfo": [Function],
    "getDocumentProperties": [Function],
    "getDocumentProperty": [Function],
    "getFileId": [Function],
    "getFillColor": [Function],
    "getFilters": [Function],
    "getFont": [Function],
    "getFontList": [Function],
    "getFontSize": [Function],
    "getHorizontalCoordinate": [Function],
    "getHorizontalCoordinateString": [Function],
    "getLayoutMode": [Function],
    "getLineHeight": [Function],
    "getLineHeightFactor": [Function],
    "getLineWidth": [Function],
    "getNumberOfPages": [Function],
    "getPageFormat": [Function],
    "getPageFormats": [Function],
    "getPageInfo": [Function],
    "getPageInfoByObjId": [Function],
    "getPageMode": [Function],
    "getPdfVersion": [Function],
    "getR2L": [Function],
    "getStandardFonts": [Function],
    "getStrokeColor": [Function],
    "getStyle": [Function],
    "getTextColor": [Function],
    "getVerticalCoordinate": [Function],
    "getVerticalCoordinateString": [Function],
    "getZoomMode": [Function],
    "hpf": [Function],
    "isValidStyle": [Function],
    "line": [Function],
    "lines": [Function],
    "newAdditionalObject": [Function],
    "newObject": [Function],
    "newObjectDeferred": [Function],
    "out": [Function],
    "output": [Function],
    "padd2": [Function],
    "padd2Hex": [Function],
    "pdfEscape": [Function],
    "putCatalog": [Function],
    "putHeader": [Function],
    "putInfo": [Function],
    "putPage": [Function],
    "putPages": [Function],
    "putStream": [Function],
    "putTrailer": [Function],
    "putXRef": [Function],
    "rect": [Function],
    "resetCustomOutputDestination": [Function],
    "roundToPrecision": [Function],
    "roundedRect": [Function],
    "scale": [Function],
    "setCharSpace": [Function],
    "setCreationDate": [Function],
    "setCustomOutputDestination": [Function],
    "setDefaultPathOperation": [Function],
    "setDisplayMode": [Function],
    "setDocumentProperties": [Function],
    "setDocumentProperty": [Function],
    "setFileId": [Function],
    "setFillColor": [Function],
    "setFontSize": [Function],
    "setLayoutMode": [Function],
    "setLineCap": [Function],
    "setLineDash": [Function],
    "setLineHeightFactor": [Function],
    "setLineJoin": [Function],
    "setLineMiterLimit": [Function],
    "setLineWidth": [Function],
    "setMiterLimit": [Function],
    "setPageMode": [Function],
    "setPdfVersion": [Function],
    "setPrecision": [Function],
    "setR2L": [Function],
    "setStrokeColor": [Function],
    "setTextColor": [Function],
    "setZoomMode": [Function],
    "text": [Function],
    "triangle": [Function],
    "write": [Function],
  },
  "addField": [Function],
  "addFileToVFS": [Function],
  "addFont": [Function],
  "addGState": [Function],
  "addImage": [Function],
  "addJS": [Function],
  "addMetadata": [Function],
  "addPage": [Function],
  "addShadingPattern": [Function],
  "addSvgAsImage": [Function],
  "advancedAPI": [Function],
  "autoPrint": [Function],
  "beginFormObject": [Function],
  "beginTilingPattern": [Function],
  "canvas": e {},
  "cell": [Function],
  "cellAddPage": [Function],
  "circle": [Function],
  "clip": [Function],
  "clipEvenOdd": [Function],
  "close": [Function],
  "color_spaces": Object {
    "CAL_GREY": "CalGray",
    "CAL_RGB": "CalRGB",
    "DEVICE_CMYK": "DeviceCMYK",
    "DEVICE_GRAY": "DeviceGray",
    "DEVICE_N": "DeviceN",
    "DEVICE_RGB": "DeviceRGB",
    "ICC_BASED": "ICCBased",
    "INDEXED": "Indexed",
    "LAB": "Lab",
    "PATTERN": "Pattern",
    "SEPARATION": "Separation",
  },
  "comment": [Function],
  "compatAPI": [Function],
  "context2d": d {},
  "createAnnotation": [Function],
  "curveTo": [Function],
  "decode": Object {
    "ASCII85_DECODE": "ASCII85Decode",
    "ASCII_HEX_DECODE": "ASCIIHexDecode",
    "CCITT_FAX_DECODE": "CCITTFaxDecode",
    "DCT_DECODE": "DCTDecode",
    "FLATE_DECODE": "FlateDecode",
    "JBIG2_DECODE": "JBIG2Decode",
    "JPX_DECODE": "JPXDecode",
    "LZW_DECODE": "LZWDecode",
    "RUN_LENGTH_DECODE": "RunLengthDecode",
  },
  "deletePage": [Function],
  "discardPath": [Function],
  "doFormObject": [Function],
  "ellipse": [Function],
  "endFormObject": [Function],
  "endTilingPattern": [Function],
  "existsFileInVFS": [Function],
  "f2": [Function],
  "fill": [Function],
  "fillEvenOdd": [Function],
  "fillStroke": [Function],
  "fillStrokeEvenOdd": [Function],
  "getCharSpace": [Function],
  "getCharWidthsArray": [Function],
  "getCreationDate": [Function],
  "getCurrentPageInfo": [Function],
  "getDrawColor": [Function],
  "getFileFromVFS": [Function],
  "getFileId": [Function],
  "getFillColor": [Function],
  "getFont": [Function],
  "getFontList": [Function],
  "getFontSize": [Function],
  "getFormObject": [Function],
  "getHorizontalCoordinateString": [Function],
  "getImageProperties": [Function],
  "getLineHeight": [Function],
  "getLineHeightFactor": [Function],
  "getLineWidth": [Function],
  "getNumberOfPages": [Function],
  "getPageHeight": [Function],
  "getPageInfo": [Function],
  "getPageWidth": [Function],
  "getR2L": [Function],
  "getStringUnitWidth": [Function],
  "getStyle": [Function],
  "getTextColor": [Function],
  "getTextDimensions": [Function],
  "getTextWidth": [Function],
  "getVerticalCoordinateString": [Function],
  "hpf": [Function],
  "html": [Function],
  "identityMatrix": Ht {
    "_matrix": Array [
      1,
      0,
      0,
      1,
      0,
      0,
    ],
  },
  "image_compression": Object {
    "FAST": "FAST",
    "MEDIUM": "MEDIUM",
    "NONE": "NONE",
    "SLOW": "SLOW",
  },
  "insertPage": [Function],
  "internal": Object {
    "Matrix": [Function],
    "Point": [Function],
    "Rectangle": [Function],
    "collections": Object {},
    "encryption": null,
    "encryptionOptions": null,
    "events": S {
      "getTopics": [Function],
      "publish": [Function],
      "subscribe": [Function],
      "unsubscribe": [Function],
    },
    "f2": [Function],
    "f3": [Function],
    "getCharSpace": [Function],
    "getCoordinateString": [Function],
    "getCurrentPageInfo": [Function],
    "getEncryptor": [Function],
    "getFilters": [Function],
    "getFont": [Function],
    "getFontSize": [Function],
    "getHorizontalCoordinate": [Function],
    "getLineHeight": [Function],
    "getLineHeightFactor": [Function],
    "getLineWidth": [Function],
    "getNumberOfPages": [Function],
    "getPDFVersion": [Function],
    "getPageInfo": [Function],
    "getPageInfoByObjId": [Function],
    "getStyle": [Function],
    "getTextColor": [Function],
    "getVerticalCoordinate": [Function],
    "getVerticalCoordinateString": [Function],
    "hasHotfix": [Function],
    "newAdditionalObject": [Function],
    "newObject": [Function],
    "newObjectDeferred": [Function],
    "newObjectDeferredBegin": [Function],
    "out": [Function],
    "output": [Function],
    "pageSize": Object {
      "getHeight": [Function],
      "getWidth": [Function],
      "height": 297.0000833333333,
      "setHeight": [Function],
      "setWidth": [Function],
      "width": 210.0015555555555,
    },
    "pages": Array [
      ,
      Array [
        "0.5670000000000001 w",
        "0 G",
        "q",
        "2.8346456692913389 0. 0. -2.8346456692913389 0. 841.8899999999999864 cm",
        "q",
        "1. 0. 0. 1. 10. 10. cm",
        "1. w",
        "0. g",
        "Q",
        "Q",
      ],
    ],
    "pdfEscape": [Function],
    "putStream": [Function],
    "scaleFactor": 2.834645669291339,
    "write": [Function],
  },
  "isAdvancedAPI": [Function],
  "line": [Function],
  "lineTo": [Function],
  "lines": [Function],
  "link": [Function],
  "loadFile": [Function],
  "loadImageFile": [Function],
  "matrixMult": [Function],
  "movePage": [Function],
  "moveTo": [Function],
  "outline": Object {
    "add": [Function],
    "count_r": [Function],
    "createNamedDestinations": false,
    "genIds_r": [Function],
    "line": [Function],
    "makeRef": [Function],
    "makeString": [Function],
    "objEnd": [Function],
    "objStart": [Function],
    "render": [Function],
    "renderItems": [Function],
    "renderRoot": [Function],
    "root": Object {
      "children": Array [],
    },
  },
  "output": [Function],
  "path": [Function],
  "pdfEscape": [Function],
  "pdfEscape16": [Function],
  "printHeaderRow": [Function],
  "processArabic": [Function],
  "processBMP": [Function],
  "processDataByFilters": [Function],
  "processGIF87A": [Function],
  "processGIF89A": [Function],
  "processJPEG": [Function],
  "processPNG": [Function],
  "processRGBA": [Function],
  "processWEBP": [Function],
  "putTotalPages": [Function],
  "rect": [Function],
  "restoreGraphicsState": [Function],
  "roundToPrecision": [Function],
  "roundedRect": [Function],
  "save": [Function],
  "saveGraphicsState": [Function],
  "scale": [Function],
  "setCharSpace": [Function],
  "setCreationDate": [Function],
  "setCurrentTransformationMatrix": [Function],
  "setDefaultPathOperation": [Function],
  "setDisplayMode": [Function],
  "setDocumentProperties": [Function],
  "setDrawColor": [Function],
  "setFileId": [Function],
  "setFillColor": [Function],
  "setFont": [Function],
  "setFontSize": [Function],
  "setGState": [Function],
  "setHeaderFunction": [Function],
  "setLanguage": [Function],
  "setLineCap": [Function],
  "setLineDash": [Function],
  "setLineDashPattern": [Function],
  "setLineHeightFactor": [Function],
  "setLineJoin": [Function],
  "setLineMiterLimit": [Function],
  "setLineWidth": [Function],
  "setMiterLimit": [Function],
  "setPage": [Function],
  "setPageHeight": [Function],
  "setPageWidth": [Function],
  "setPrecision": [Function],
  "setProperties": [Function],
  "setR2L": [Function],
  "setTableHeaderRow": [Function],
  "setTextColor": [Function],
  "splitTextToSize": [Function],
  "stroke": [Function],
  "svg": [Function],
  "table": [Function],
  "text": [Function],
  "textWithLink": [Function],
  "triangle": [Function],
  "unitMatrix": Ht {
    "_matrix": Array [
      1,
      0,
      0,
      1,
      0,
      0,
    ],
  },
  "viewerPreferences": [Function],
}
`;

exports[`QrGenerator getQR should create SVG 1`] = `
"                                     
                                     
    █▀▀▀▀▀█ █▀▄█  ▄ █▄▄▀▀ █▀▀▀▀▀█    
    █ ███ █ ▄▀ ▄ ██▄   █  █ ███ █    
    █ ▀▀▀ █  ▀▀▄▀▄▄▀▀  █  █ ▀▀▀ █    
    ▀▀▀▀▀▀▀ █ █▄█ █▄▀▄█▄▀ ▀▀▀▀▀▀▀    
    ▀▄▀█▄█▀▀▄▄▄█ █▀ ▄▀█▄▄ █▄▄▀ ▀█    
    ▀ ▀▄█▄▀▄▄ ▀▄▄▄█▄▀▀▀▄▄ ▄▄  ▀▀▄    
    ▄▀▀█▄█▀██▄█  ▀█▄ ▀▀▄▀▄▄▀ ▀█▄▄    
    ▄▄  █▀▀▀  █ ▀▀▀▄█▀▀██▄▀▀  ▀█▀    
     ▄▀▀█▀▀  ▄ ▄▀ ▀▄  █▀▀  ▄▀█▄█     
    ▀ ▄▀▀▄▀▀██▄█▄██▀▀▄  ▀ █ ▄ █      
     ▀  ▀ ▀▀▄█  ▀▀▀██▀█ █▀▀▀███▄▄    
    █▀▀▀▀▀█ █ ▀ ▄▄█ ▀▀▄▀█ ▀ ██ ▀▄    
    █ ███ █ ▄▄▄█▄▄ █▄█ ▄▀█▀██▄▀▀█    
    █ ▀▀▀ █ ▀ ▄▀█ ▀▄█▀▄ █▄ █▄▄▀▄▀    
    ▀▀▀▀▀▀▀ ▀▀▀  ▀ ▀  ▀▀▀▀▀▀   ▀     
                                     
                                     "
`;
