// Jest Snapshot v1, https://goo.gl/fbAQLP

exports[`QrGenerator getQR should create SVG 1`] = `
"                                         
                                         
    █▀▀▀▀▀█ ▀█▄▀▄ ▀▀ █▀▄ █▄▀  █▀▀▀▀▀█    
    █ ███ █ ▄ ▄▄▄▀▄█ ▄▄██▄▀█  █ ███ █    
    █ ▀▀▀ █ █ ▀█▄ ▀ ▄▀▀█▀█▄ █ █ ▀▀▀ █    
    ▀▀▀▀▀▀▀ █ █▄▀ █▄█▄█ ▀▄█▄█ ▀▀▀▀▀▀▀    
    █ ▄▄▀ ▀█▀ ▄▀█▄ ▄▄▀█▀▀▀█▄▀█▀▀▀█▄▄▀    
    █▀▀▄ ▀▀▀█▀ ▀▀ ▄█▄█▄▄▀█▀▀▄▄▄  ▀ ▀▄    
    ▀▄▄▄█▄▀▄ ▀█▄▀█▀▀▄▄▀█▀▄▄█▀▄▀█▀█ ▀▀    
      █▀▄▀▀ █  █▄▀▄ ▀▄██▄█▀█▀██  ▀ ▀     
    ▀█▄▄██▀▄  ▄  █▀▀▄█  ▀████ ▀ ▀▄▄█     
      ▄▄  ▀▀ ▄█▀▀▀ █▀ ▀▄▄ ▄▀██ █ ▀ █     
    ▄▄▀▀█▀▀ █ ▀▄ ▄▄ ▀ ▄▄▄ ▀ ▀▄▀ ▀█▄█▀    
        █▄▀ ▄▀▀ ▄  █▄██ ▀█ █▄█▄▀█  ▀     
    ▀▀▀▀ ▀▀ █▄ ▄█▄ ▄█▀▄▀█▀█▄█▀▀▀█ █▄     
    █▀▀▀▀▀█ ▀ █▄▀▀ █▄█▄  █▀ █ ▀ █▀ ▀     
    █ ███ █ ▀ ▄▄█▄▀▀▄▄▀█▀ ▄▄▀▀███▀ ▄▀    
    █ ▀▀▀ █  ▀▄██ █ ▀▄▀█▄██ ▄▀▀▀▀        
    ▀▀▀▀▀▀▀ ▀ ▀▀▀ ▀▀ ▀   ▀▀▀▀ ▀     ▀    
                                         
                                         "
`;
