// Jest Snapshot v1, https://goo.gl/fbAQLP

exports[`getCart test should throw error without id as input 1`] = `
Object {
  "code": "UserLambdaValidationException",
  "message": "PreTokenGeneration failed with error Network error: Response not successful: Received status code 403.",
  "name": "UserLambdaValidationException",
}
`;
