// Jest Snapshot v1, https://goo.gl/fbAQLP

exports[`SendOrderPaid should call correct URI - happy path 1`] = `
Array [
  Array [
    Object {
      "auth": Object {
        "password": "RKEEPER_PASSWORD",
        "username": "RKEEPER_USERNAME",
      },
      "method": "post",
      "url": "RKEEPER_ENDPOINT/postorder/payed/109150001/1656509181-606-109150001",
    },
  ],
]
`;
