// Jest Snapshot v1, https://goo.gl/fbAQLP

exports[`SendOrderPaid should call correct URI - happy path 1`] = `
Array [
  Array [
    Object {
      "auth": Object {
        "password": "b6302d53085c9486d0f765ec475f18",
        "username": "795_50_155_539",
      },
      "method": "post",
      "url": "https://testendpoint.ucs.hu/wp-json/vendor/v1/postorder/payed/109150001/1656509181-606-109150001",
    },
  ],
]
`;
