// Jest Snapshot v1, https://goo.gl/fbAQLP

exports[`ChainFormService #createChainFormGroup should create chain form 1`] = `
Object {
  "address": Object {
    "address": "",
    "city": "",
    "country": "",
    "location": Object {
      "lat": 0,
      "lng": 0,
    },
    "postalCode": "",
    "title": "",
  },
  "description": Object {
    "de": "",
    "en": "",
    "hu": "",
  },
  "email": "",
  "isActive": "",
  "name": "",
  "phone": "",
  "style": Object {
    "colors": Object {
      "backgroundDark": "",
      "backgroundLight": "",
      "borderDark": "",
      "borderLight": "",
      "disabled": "",
      "highlight": "",
      "indicator": "",
      "primary": "",
      "secondary": "",
      "textDark": "",
      "textLight": "",
    },
    "images": Object {
      "header": "",
      "logo": "",
    },
  },
}
`;
