// Jest Snapshot v1, https://goo.gl/fbAQLP

exports[`ProductComponentSetFormComponent should create empty form 1`] = `
Object {
  "chainId": "",
  "description": "",
  "items": Array [],
  "maxSelection": "",
  "name": Object {
    "de": "",
    "en": "",
    "hu": "",
  },
  "supportedServingModes": Array [
    "inPlace",
  ],
  "type": "",
}
`;
