// Jest Snapshot v1, https://goo.gl/fbAQLP

exports[`handleEmptyPackaginFees 1`] = `
Object {
  "configSets": Array [
    Object {
      "items": Array [
        Object {
          "netPackagingFee": 11,
          "position": 1,
          "price": 500,
          "productComponentId": "seeded_product_component_31_id",
          "refGroupPrice": 500,
        },
        Object {
          "netPackagingFee": null,
          "position": 2,
          "price": 500,
          "productComponentId": "seeded_product_component_32_id",
          "refGroupPrice": 500,
        },
        Object {
          "netPackagingFee": null,
          "position": 3,
          "price": 500,
          "productComponentId": "seeded_product_component_33_id",
          "refGroupPrice": 500,
        },
      ],
      "position": 1,
      "productSetId": "seeded_product_component_set_03_id",
    },
  ],
  "id": "seeded_unit_product_c1_g1_u1_9_id",
  "isVisible": true,
  "laneId": "lane_01",
  "supportedServingModes": Array [],
  "takeaway": true,
  "variants": Array [
    Object {
      "availabilities": Array [
        Object {
          "dayFrom": "",
          "dayTo": "",
          "price": 1200,
          "timeFrom": "",
          "timeTo": "",
          "type": "A",
        },
      ],
      "id": "d22dee40-528b-11ec-afe3-15e1afd659e2",
      "isAvailable": true,
      "netPackagingFee": 1200,
      "pack": Object {
        "size": 1,
        "unit": "db",
      },
      "position": 0,
      "price": 0,
      "refGroupPrice": 1200,
      "variantName": Object {
        "de": "normal",
        "en": "normal",
        "hu": "normál",
      },
    },
    Object {
      "availabilities": Array [
        Object {
          "dayFrom": "",
          "dayTo": "",
          "price": 1500,
          "timeFrom": "",
          "timeTo": "",
          "type": "A",
        },
      ],
      "id": "de590330-528b-11ec-afe3-15e1afd659e2",
      "isAvailable": true,
      "netPackagingFee": null,
      "pack": Object {
        "size": 1,
        "unit": "db",
      },
      "position": 0,
      "price": 0,
      "refGroupPrice": 1500,
      "variantName": Object {
        "de": "double",
        "en": "double",
        "hu": "dupla",
      },
    },
  ],
}
`;
